// Jest Snapshot v1, https://goo.gl/fbAQLP

exports[`<AddExpensePage /> should render the page correctly 1`] = `
<div>
  <h1>
    Add a new expense
  </h1>
  <ExpenseForm
    onSubmit={[Function]}
  />
</div>
`;
