// Jest Snapshot v1, https://goo.gl/fbAQLP

exports[`<ExpenseDashboardPage /> should render the dashboard page correctly 1`] = `
<div>
  <Connect(ExpenseListFilters) />
  <Connect(ExpenseList) />
</div>
`;
