// Jest Snapshot v1, https://goo.gl/fbAQLP

exports[`<ExpenseListItem /> should render the expense list item correctly 1`] = `
<Link
  className="list-item"
  replace={false}
  to="/edit/1"
>
  <div>
    <h3
      className="list-item__title"
    >
      rent
    </h3>
    <span
      className="list-item__sub-title"
    >
      Created: 
      Jan 4th, 1970
    </span>
  </div>
  <h3
    className="list-item__data"
  >
    $0.50
  </h3>
</Link>
`;
